// Vitest Snapshot v1, https://vitest.dev/guide/snapshot.html

exports[`Components > Molecules > StatsCard > Snapshot > Should match snapshot 1`] = `
<div>
  <div
    class="border border-gray-300 dark:border-gray-700 rounded-lg shadow-md"
    data-testid="card-container"
  >
    <header
      class="px-10 pt-6 pb-1"
      data-testid="card-header"
    >
      <h3
        class="relative text-5xl mb-2 text-amber-500 font-bold"
        data-testid="stats-card-header"
      >
        Mock Stats Card Reference
      </h3>
    </header>
    <div
      class="py-6 px-10 px-10 pt-2 pb-6"
      data-testid="card-content"
    >
      <div
        class="relative"
      >
        <div
          class="absolute left-0 top-[44%] h-[4px] w-6 bg-gray-300 dark:bg-gray-700 rounded-[10px]"
          data-testid="stats-card-decoration"
        />
        <p
          class="m-0 ml-8 relative tracking-wide text-sm"
          data-testid="stats-card-children"
        >
          Mock Stats Card Children
        </p>
      </div>
    </div>
  </div>
</div>
`;
