// Vitest Snapshot v1, https://vitest.dev/guide/snapshot.html

exports[`Components > Layout > MainContainer > Snapshot > Should match snapshot with header and children 1`] = `
<div>
  <div
    class="w-full min-h-screen flex flex-col items-center"
  >
    <header
      class="w-full h-16 fixed top-0 left-0 z-50 flex items-center justify-center shadow-md"
    >
      <div
        data-testid="main-container-header"
      >
        Header Content
      </div>
    </header>
    <main
      class="w-full min-h-fit max-w-[1536px] mt-16 p-6 xl:p-12 flex-1 flex items-center"
    >
      <div
        data-testid="main-container-children"
      >
        Children Content
      </div>
    </main>
  </div>
</div>
`;
